<html>
<body>
<pre>
<h1>µVision Build Log</h1>
<h2>Tool Versions:</h2>
IDE-Version: µVision V5.24.2.0
Copyright (C) 2017 ARM Ltd and ARM Germany GmbH. All rights reserved.
License Information: SCSE d, NTU, LIC=----
 
Tool Versions:
Toolchain:       MDK-Lite  Version: 5.24.1
Toolchain Path:  C:\Keil_v5\ARM\ARMCC\Bin
C Compiler:      Armcc.exe V5.06 update 5 (build 528)
Assembler:       Armasm.exe V5.06 update 5 (build 528)
Linker/Locator:  ArmLink.exe V5.06 update 5 (build 528)
Library Manager: ArmAr.exe V5.06 update 5 (build 528)
Hex Converter:   FromElf.exe V5.06 update 5 (build 528)
CPU DLL:         SARMCM3.DLL V5.24.1
Dialog DLL:      DCM.DLL V1.16.0.0
Target DLL:      UL2CM3.DLL V1.160.3.0
Dialog DLL:      TCM.DLL V1.32.0.0
 
<h2>Project:</h2>
C:\Users\n2000411c\Downloads\CE3103_Lab4\CE3103_Lab4\Lab4.uvproj
Project File Date:  04/15/2021

<h2>Output:</h2>
*** Using Compiler 'V5.06 update 5 (build 528)', folder: 'C:\Keil_v5\ARM\ARMCC\Bin'
Rebuild target 'Target 1'
assembling startup_stm32f10x_hd.s...
compiling core_cm3.c...
compiling stm32f10x_it.c...
compiling list.c...
compiling system_stm32f10x.c...
compiling event_groups.c...
compiling croutine.c...
compiling queue.c...
compiling timers.c...
compiling system.c...
compiling heap_4.c...
compiling delay.c...
compiling tasks.c...
compiling sys.c...
compiling port.c...
compiling show.c...
compiling LED.C...
compiling oled.c...
compiling BUZZ.c...
compiling UART.c...
LibraryFiles\LibraryFiles\HARDWARE\UART\UART.c(67): warning:  #177-D: variable "Count"  was declared but never referenced
  		static u8 Count=0,i;
LibraryFiles\LibraryFiles\HARDWARE\UART\UART.c(67): warning:  #177-D: variable "i"  was declared but never referenced
  		static u8 Count=0,i;
LibraryFiles\LibraryFiles\HARDWARE\UART\UART.c(69): warning:  #177-D: variable "rxbuf"  was declared but never referenced
  		static u8 rxbuf[10];
LibraryFiles\LibraryFiles\HARDWARE\UART\UART.c: 3 warnings, 0 errors
compiling stm32f10x_gpio.c...
compiling BUTTON.c...
compiling misc.c...
compiling stm32f10x_bkp.c...
compiling stm32f10x_adc.c...
compiling stm32f10x_cec.c...
compiling stm32f10x_can.c...
compiling stm32f10x_crc.c...
compiling stm32f10x_dac.c...
compiling stm32f10x_dbgmcu.c...
compiling stm32f10x_dma.c...
compiling stm32f10x_exti.c...
compiling stm32f10x_fsmc.c...
compiling stm32f10x_i2c.c...
compiling stm32f10x_flash.c...
compiling stm32f10x_iwdg.c...
compiling stm32f10x_pwr.c...
compiling stm32f10x_rtc.c...
compiling stm32f10x_rcc.c...
compiling stm32f10x_sdio.c...
compiling stm32f10x_spi.c...
compiling stm32f10x_usart.c...
compiling stm32f10x_wwdg.c...
compiling stm32f10x_tim.c...
compiling main.c...
linking...
Program Size: Code=14666 RO-data=3106 RW-data=232 ZI-data=23984  
FromELF: creating hex file...
".\Objects\Lab4.axf" - 0 Error(s), 3 Warning(s).
Build Time Elapsed:  00:00:04
</pre>
</body>
</html>
